// Jest Snapshot v1, https://goo.gl/fbAQLP

exports[`Mount renders correctly 1`] = `
<StaticRouter
  basename=""
  context={Object {}}
  location="/"
>
  <Router
    history={
      Object {
        "action": "POP",
        "block": [Function],
        "createHref": [Function],
        "go": [Function],
        "goBack": [Function],
        "goForward": [Function],
        "listen": [Function],
        "location": Object {
          "hash": "",
          "pathname": "/",
          "search": "",
        },
        "push": [Function],
        "replace": [Function],
      }
    }
  >
    <Component
      classes={Object {}}
      deleteDraft={[Function]}
      draft={Object {}}
    >
      <div>
        <Card
          raised={false}
        >
          <withStyles(Paper)
            elevation={2}
          >
            <Paper
              classes={
                Object {
                  "root": "MuiPaper-root-1",
                  "rounded": "MuiPaper-rounded-2",
                  "shadow0": "MuiPaper-shadow0-3",
                  "shadow1": "MuiPaper-shadow1-4",
                  "shadow10": "MuiPaper-shadow10-13",
                  "shadow11": "MuiPaper-shadow11-14",
                  "shadow12": "MuiPaper-shadow12-15",
                  "shadow13": "MuiPaper-shadow13-16",
                  "shadow14": "MuiPaper-shadow14-17",
                  "shadow15": "MuiPaper-shadow15-18",
                  "shadow16": "MuiPaper-shadow16-19",
                  "shadow17": "MuiPaper-shadow17-20",
                  "shadow18": "MuiPaper-shadow18-21",
                  "shadow19": "MuiPaper-shadow19-22",
                  "shadow2": "MuiPaper-shadow2-5",
                  "shadow20": "MuiPaper-shadow20-23",
                  "shadow21": "MuiPaper-shadow21-24",
                  "shadow22": "MuiPaper-shadow22-25",
                  "shadow23": "MuiPaper-shadow23-26",
                  "shadow24": "MuiPaper-shadow24-27",
                  "shadow3": "MuiPaper-shadow3-6",
                  "shadow4": "MuiPaper-shadow4-7",
                  "shadow5": "MuiPaper-shadow5-8",
                  "shadow6": "MuiPaper-shadow6-9",
                  "shadow7": "MuiPaper-shadow7-10",
                  "shadow8": "MuiPaper-shadow8-11",
                  "shadow9": "MuiPaper-shadow9-12",
                }
              }
              component="div"
              elevation={2}
              square={false}
            >
              <div
                className="MuiPaper-root-1 MuiPaper-shadow2-5 MuiPaper-rounded-2"
              >
                <Link
                  replace={false}
                  to="/edit/undefined"
                >
                  <a
                    href="/edit/undefined"
                    onClick={[Function]}
                  >
                    <withStyles(CardMedia)
                      image="b.jpg"
                      title="Live from space album cover"
                    >
                      <CardMedia
                        classes={
                          Object {
                            "root": "MuiCardMedia-root-28",
                            "rootMedia": "MuiCardMedia-rootMedia-29",
                          }
                        }
                        component="div"
                        image="b.jpg"
                        title="Live from space album cover"
                      >
                        <div
                          className="MuiCardMedia-root-28"
                          style={
                            Object {
                              "backgroundImage": "url(b.jpg)",
                            }
                          }
                          title="Live from space album cover"
                        />
                      </CardMedia>
                    </withStyles(CardMedia)>
                  </a>
                </Link>
                <div>
                  <Link
                    replace={false}
                    to="/edit/undefined"
                  >
                    <a
                      href="/edit/undefined"
                      onClick={[Function]}
                    >
                      <withStyles(CardContent)>
                        <CardContent
                          classes={
                            Object {
                              "root": "MuiCardContent-root-30",
                            }
                          }
                        >
                          <div
                            className="MuiCardContent-root-30"
                          >
                            <withStyles(Typography)
                              type="headline"
                            >
                              <Typography
                                align="inherit"
                                classes={
                                  Object {
                                    "alignCenter": "MuiTypography-alignCenter-44",
                                    "alignJustify": "MuiTypography-alignJustify-46",
                                    "alignLeft": "MuiTypography-alignLeft-43",
                                    "alignRight": "MuiTypography-alignRight-45",
                                    "body1": "MuiTypography-body1-40",
                                    "body2": "MuiTypography-body2-39",
                                    "button": "MuiTypography-button-42",
                                    "caption": "MuiTypography-caption-41",
                                    "colorAccent": "MuiTypography-colorAccent-53",
                                    "colorError": "MuiTypography-colorError-54",
                                    "colorInherit": "MuiTypography-colorInherit-50",
                                    "colorPrimary": "MuiTypography-colorPrimary-51",
                                    "colorSecondary": "MuiTypography-colorSecondary-52",
                                    "display1": "MuiTypography-display1-35",
                                    "display2": "MuiTypography-display2-34",
                                    "display3": "MuiTypography-display3-33",
                                    "display4": "MuiTypography-display4-32",
                                    "gutterBottom": "MuiTypography-gutterBottom-48",
                                    "headline": "MuiTypography-headline-36",
                                    "noWrap": "MuiTypography-noWrap-47",
                                    "paragraph": "MuiTypography-paragraph-49",
                                    "root": "MuiTypography-root-31",
                                    "subheading": "MuiTypography-subheading-38",
                                    "title": "MuiTypography-title-37",
                                  }
                                }
                                color="default"
                                gutterBottom={false}
                                headlineMapping={
                                  Object {
                                    "body1": "p",
                                    "body2": "aside",
                                    "display1": "h1",
                                    "display2": "h1",
                                    "display3": "h1",
                                    "display4": "h1",
                                    "headline": "h1",
                                    "subheading": "h3",
                                    "title": "h2",
                                  }
                                }
                                noWrap={false}
                                paragraph={false}
                                type="headline"
                              >
                                <h1
                                  className="MuiTypography-root-31 MuiTypography-headline-36"
                                />
                              </Typography>
                            </withStyles(Typography)>
                            <withStyles(Typography)
                              color="secondary"
                              type="subheading"
                            >
                              <Typography
                                align="inherit"
                                classes={
                                  Object {
                                    "alignCenter": "MuiTypography-alignCenter-44",
                                    "alignJustify": "MuiTypography-alignJustify-46",
                                    "alignLeft": "MuiTypography-alignLeft-43",
                                    "alignRight": "MuiTypography-alignRight-45",
                                    "body1": "MuiTypography-body1-40",
                                    "body2": "MuiTypography-body2-39",
                                    "button": "MuiTypography-button-42",
                                    "caption": "MuiTypography-caption-41",
                                    "colorAccent": "MuiTypography-colorAccent-53",
                                    "colorError": "MuiTypography-colorError-54",
                                    "colorInherit": "MuiTypography-colorInherit-50",
                                    "colorPrimary": "MuiTypography-colorPrimary-51",
                                    "colorSecondary": "MuiTypography-colorSecondary-52",
                                    "display1": "MuiTypography-display1-35",
                                    "display2": "MuiTypography-display2-34",
                                    "display3": "MuiTypography-display3-33",
                                    "display4": "MuiTypography-display4-32",
                                    "gutterBottom": "MuiTypography-gutterBottom-48",
                                    "headline": "MuiTypography-headline-36",
                                    "noWrap": "MuiTypography-noWrap-47",
                                    "paragraph": "MuiTypography-paragraph-49",
                                    "root": "MuiTypography-root-31",
                                    "subheading": "MuiTypography-subheading-38",
                                    "title": "MuiTypography-title-37",
                                  }
                                }
                                color="secondary"
                                gutterBottom={false}
                                headlineMapping={
                                  Object {
                                    "body1": "p",
                                    "body2": "aside",
                                    "display1": "h1",
                                    "display2": "h1",
                                    "display3": "h1",
                                    "display4": "h1",
                                    "headline": "h1",
                                    "subheading": "h3",
                                    "title": "h2",
                                  }
                                }
                                noWrap={false}
                                paragraph={false}
                                type="subheading"
                              >
                                <h3
                                  className="MuiTypography-root-31 MuiTypography-subheading-38 MuiTypography-colorSecondary-52"
                                >
                                  <div>
                                    Last Updated: 
                                    Invalid date
                                  </div>
                                </h3>
                              </Typography>
                            </withStyles(Typography)>
                          </div>
                        </CardContent>
                      </withStyles(CardContent)>
                    </a>
                  </Link>
                  <div>
                    Continue Writing
                    <withStyles(IconButton)
                      aria-label="Edit"
                    >
                      <IconButton
                        aria-label="Edit"
                        classes={
                          Object {
                            "colorAccent": "MuiIconButton-colorAccent-56",
                            "colorContrast": "MuiIconButton-colorContrast-57",
                            "colorInherit": "MuiIconButton-colorInherit-59",
                            "colorPrimary": "MuiIconButton-colorPrimary-58",
                            "disabled": "MuiIconButton-disabled-60",
                            "icon": "MuiIconButton-icon-62",
                            "keyboardFocused": "MuiIconButton-keyboardFocused-63",
                            "label": "MuiIconButton-label-61",
                            "root": "MuiIconButton-root-55",
                          }
                        }
                        color="default"
                        disableRipple={false}
                        disabled={false}
                      >
                        <withStyles(ButtonBase)
                          aria-label="Edit"
                          centerRipple={true}
                          className="MuiIconButton-root-55"
                          disableRipple={false}
                          disabled={false}
                          keyboardFocusedClassName="MuiIconButton-keyboardFocused-63"
                        >
                          <ButtonBase
                            aria-label="Edit"
                            centerRipple={true}
                            className="MuiIconButton-root-55"
                            classes={
                              Object {
                                "disabled": "MuiButtonBase-disabled-65",
                                "root": "MuiButtonBase-root-64",
                              }
                            }
                            disableRipple={false}
                            disabled={false}
                            focusRipple={false}
                            keyboardFocusedClassName="MuiIconButton-keyboardFocused-63"
                            tabIndex={0}
                            type="button"
                          >
                            <button
                              aria-label="Edit"
                              className="MuiButtonBase-root-64 MuiIconButton-root-55"
                              disabled={false}
                              onBlur={[Function]}
                              onFocus={[Function]}
                              onKeyDown={[Function]}
                              onKeyUp={[Function]}
                              onMouseDown={[Function]}
                              onMouseLeave={[Function]}
                              onMouseUp={[Function]}
                              onTouchEnd={[Function]}
                              onTouchMove={[Function]}
                              onTouchStart={[Function]}
                              role="button"
                              tabIndex={0}
                              type="button"
                            >
                              <span
                                className="MuiIconButton-label-61"
                              >
                                <pure(Edit)
                                  className="MuiIconButton-icon-62"
                                  key=".0"
                                >
                                  <Edit
                                    className="MuiIconButton-icon-62"
                                  >
                                    <withStyles(SvgIcon)
                                      className="MuiIconButton-icon-62"
                                    >
                                      <SvgIcon
                                        className="MuiIconButton-icon-62"
                                        classes={
                                          Object {
                                            "root": "MuiSvgIcon-root-66",
                                          }
                                        }
                                        viewBox="0 0 24 24"
                                      >
                                        <svg
                                          aria-hidden="true"
                                          className="MuiSvgIcon-root-66 MuiIconButton-icon-62"
                                          focusable="false"
                                          viewBox="0 0 24 24"
                                        >
                                          <path
                                            d="M3 17.25V21h3.75L17.81 9.94l-3.75-3.75L3 17.25zM20.71 7.04c.39-.39.39-1.02 0-1.41l-2.34-2.34c-.39-.39-1.02-.39-1.41 0l-1.83 1.83 3.75 3.75 1.83-1.83z"
                                          />
                                        </svg>
                                      </SvgIcon>
                                    </withStyles(SvgIcon)>
                                  </Edit>
                                </pure(Edit)>
                              </span>
                              <withStyles(TouchRipple)
                                center={true}
                                innerRef={[Function]}
                              >
                                <TouchRipple
                                  center={true}
                                  classes={
                                    Object {
                                      "ripple": "MuiTouchRipple-ripple-71",
                                      "rippleFast": "MuiTouchRipple-rippleFast-73",
                                      "rippleVisible": "MuiTouchRipple-rippleVisible-72",
                                      "root": "MuiTouchRipple-root-67",
                                      "wrapper": "MuiTouchRipple-wrapper-68",
                                      "wrapperLeaving": "MuiTouchRipple-wrapperLeaving-69",
                                      "wrapperPulsating": "MuiTouchRipple-wrapperPulsating-70",
                                    }
                                  }
                                >
                                  <TransitionGroup
                                    childFactory={[Function]}
                                    className="MuiTouchRipple-root-67"
                                    component="span"
                                    enter={true}
                                    exit={true}
                                  >
                                    <span
                                      className="MuiTouchRipple-root-67"
                                    />
                                  </TransitionGroup>
                                </TouchRipple>
                              </withStyles(TouchRipple)>
                            </button>
                          </ButtonBase>
                        </withStyles(ButtonBase)>
                      </IconButton>
                    </withStyles(IconButton)>
                    <withStyles(IconButton)
                      aria-label="Delete"
                      onClick={[Function]}
                    >
                      <IconButton
                        aria-label="Delete"
                        classes={
                          Object {
                            "colorAccent": "MuiIconButton-colorAccent-56",
                            "colorContrast": "MuiIconButton-colorContrast-57",
                            "colorInherit": "MuiIconButton-colorInherit-59",
                            "colorPrimary": "MuiIconButton-colorPrimary-58",
                            "disabled": "MuiIconButton-disabled-60",
                            "icon": "MuiIconButton-icon-62",
                            "keyboardFocused": "MuiIconButton-keyboardFocused-63",
                            "label": "MuiIconButton-label-61",
                            "root": "MuiIconButton-root-55",
                          }
                        }
                        color="default"
                        disableRipple={false}
                        disabled={false}
                        onClick={[Function]}
                      >
                        <withStyles(ButtonBase)
                          aria-label="Delete"
                          centerRipple={true}
                          className="MuiIconButton-root-55"
                          disableRipple={false}
                          disabled={false}
                          keyboardFocusedClassName="MuiIconButton-keyboardFocused-63"
                          onClick={[Function]}
                        >
                          <ButtonBase
                            aria-label="Delete"
                            centerRipple={true}
                            className="MuiIconButton-root-55"
                            classes={
                              Object {
                                "disabled": "MuiButtonBase-disabled-65",
                                "root": "MuiButtonBase-root-64",
                              }
                            }
                            disableRipple={false}
                            disabled={false}
                            focusRipple={false}
                            keyboardFocusedClassName="MuiIconButton-keyboardFocused-63"
                            onClick={[Function]}
                            tabIndex={0}
                            type="button"
                          >
                            <button
                              aria-label="Delete"
                              className="MuiButtonBase-root-64 MuiIconButton-root-55"
                              disabled={false}
                              onBlur={[Function]}
                              onClick={[Function]}
                              onFocus={[Function]}
                              onKeyDown={[Function]}
                              onKeyUp={[Function]}
                              onMouseDown={[Function]}
                              onMouseLeave={[Function]}
                              onMouseUp={[Function]}
                              onTouchEnd={[Function]}
                              onTouchMove={[Function]}
                              onTouchStart={[Function]}
                              role="button"
                              tabIndex={0}
                              type="button"
                            >
                              <span
                                className="MuiIconButton-label-61"
                              >
                                <pure(Delete)
                                  className="MuiIconButton-icon-62"
                                  key=".0"
                                >
                                  <Delete
                                    className="MuiIconButton-icon-62"
                                  >
                                    <withStyles(SvgIcon)
                                      className="MuiIconButton-icon-62"
                                    >
                                      <SvgIcon
                                        className="MuiIconButton-icon-62"
                                        classes={
                                          Object {
                                            "root": "MuiSvgIcon-root-66",
                                          }
                                        }
                                        viewBox="0 0 24 24"
                                      >
                                        <svg
                                          aria-hidden="true"
                                          className="MuiSvgIcon-root-66 MuiIconButton-icon-62"
                                          focusable="false"
                                          viewBox="0 0 24 24"
                                        >
                                          <path
                                            d="M6 19c0 1.1.9 2 2 2h8c1.1 0 2-.9 2-2V7H6v12zM19 4h-3.5l-1-1h-5l-1 1H5v2h14V4z"
                                          />
                                        </svg>
                                      </SvgIcon>
                                    </withStyles(SvgIcon)>
                                  </Delete>
                                </pure(Delete)>
                              </span>
                              <withStyles(TouchRipple)
                                center={true}
                                innerRef={[Function]}
                              >
                                <TouchRipple
                                  center={true}
                                  classes={
                                    Object {
                                      "ripple": "MuiTouchRipple-ripple-71",
                                      "rippleFast": "MuiTouchRipple-rippleFast-73",
                                      "rippleVisible": "MuiTouchRipple-rippleVisible-72",
                                      "root": "MuiTouchRipple-root-67",
                                      "wrapper": "MuiTouchRipple-wrapper-68",
                                      "wrapperLeaving": "MuiTouchRipple-wrapperLeaving-69",
                                      "wrapperPulsating": "MuiTouchRipple-wrapperPulsating-70",
                                    }
                                  }
                                >
                                  <TransitionGroup
                                    childFactory={[Function]}
                                    className="MuiTouchRipple-root-67"
                                    component="span"
                                    enter={true}
                                    exit={true}
                                  >
                                    <span
                                      className="MuiTouchRipple-root-67"
                                    />
                                  </TransitionGroup>
                                </TouchRipple>
                              </withStyles(TouchRipple)>
                            </button>
                          </ButtonBase>
                        </withStyles(ButtonBase)>
                      </IconButton>
                    </withStyles(IconButton)>
                  </div>
                </div>
              </div>
            </Paper>
          </withStyles(Paper)>
        </Card>
      </div>
    </Component>
  </Router>
</StaticRouter>
`;

exports[`Tree renders correctly 1`] = `
<div>
  <div
    className="MuiPaper-root-1 MuiPaper-shadow2-5 MuiPaper-rounded-2"
  >
    <a
      className={undefined}
      href="/edit/test000"
      onClick={[Function]}
    >
      <div
        className="MuiCardMedia-root-28"
        src={undefined}
        style={
          Object {
            "backgroundImage": "url(b.jpg)",
          }
        }
        title="Live from space album cover"
      />
    </a>
    <div
      className={undefined}
    >
      <a
        className={undefined}
        href="/edit/test000"
        onClick={[Function]}
      >
        <div
          className="MuiCardContent-root-30"
        >
          <h1
            className="MuiTypography-root-31 MuiTypography-headline-36"
          />
          <h3
            className="MuiTypography-root-31 MuiTypography-subheading-38 MuiTypography-colorSecondary-52"
          >
            <div>
              Last Updated: 
              Invalid date
            </div>
          </h3>
        </div>
      </a>
      <div
        className={undefined}
      >
        Continue Writing
        <button
          aria-label="Edit"
          className="MuiButtonBase-root-64 MuiIconButton-root-55"
          disabled={false}
          onBlur={[Function]}
          onFocus={[Function]}
          onKeyDown={[Function]}
          onKeyUp={[Function]}
          onMouseDown={[Function]}
          onMouseLeave={[Function]}
          onMouseUp={[Function]}
          onTouchEnd={[Function]}
          onTouchMove={[Function]}
          onTouchStart={[Function]}
          role="button"
          tabIndex={0}
          type="button"
        >
          <span
            className="MuiIconButton-label-61"
          >
            <svg
              aria-hidden="true"
              className="MuiSvgIcon-root-66 MuiIconButton-icon-62"
              focusable="false"
              viewBox="0 0 24 24"
            >
              <path
                d="M3 17.25V21h3.75L17.81 9.94l-3.75-3.75L3 17.25zM20.71 7.04c.39-.39.39-1.02 0-1.41l-2.34-2.34c-.39-.39-1.02-.39-1.41 0l-1.83 1.83 3.75 3.75 1.83-1.83z"
              />
            </svg>
          </span>
          <span
            className="MuiTouchRipple-root-67"
          />
        </button>
        <button
          aria-label="Delete"
          className="MuiButtonBase-root-64 MuiIconButton-root-55"
          disabled={false}
          onBlur={[Function]}
          onClick={[Function]}
          onFocus={[Function]}
          onKeyDown={[Function]}
          onKeyUp={[Function]}
          onMouseDown={[Function]}
          onMouseLeave={[Function]}
          onMouseUp={[Function]}
          onTouchEnd={[Function]}
          onTouchMove={[Function]}
          onTouchStart={[Function]}
          role="button"
          tabIndex={0}
          type="button"
        >
          <span
            className="MuiIconButton-label-61"
          >
            <svg
              aria-hidden="true"
              className="MuiSvgIcon-root-66 MuiIconButton-icon-62"
              focusable="false"
              viewBox="0 0 24 24"
            >
              <path
                d="M6 19c0 1.1.9 2 2 2h8c1.1 0 2-.9 2-2V7H6v12zM19 4h-3.5l-1-1h-5l-1 1H5v2h14V4z"
              />
            </svg>
          </span>
          <span
            className="MuiTouchRipple-root-67"
          />
        </button>
      </div>
    </div>
  </div>
</div>
`;
